// Jest Snapshot v1, https://goo.gl/fbAQLP

exports[`should render AddExpense correctly 1`] = `
<div>
  AddExpense
  <Form
    onSubmit={[Function]}
  />
</div>
`;
