// Jest Snapshot v1, https://goo.gl/fbAQLP

exports[`should render Header correctly 1`] = `
<header>
  <Link
    replace={false}
    to="/dashboard"
  >
    <h1>
      Expensify
    </h1>
  </Link>
  <button
    onClick={[Function]}
  >
    Logout
  </button>
</header>
`;
